True
False
True
False
1
2
3
4
one
two
three
four
None
